******************************************************************************
                  TI ARM Linker PC v20.2.7                     
******************************************************************************
>> Linked Wed Nov  2 16:26:01 2022

OUTPUT FILE NAME:   <p1.out>
ENTRY POINT SYMBOL: "_c_int00_noargs"  address: 00000911


MEMORY CONFIGURATION

         name            origin    length      used     unused   attr    fill
----------------------  --------  ---------  --------  --------  ----  --------
  FLASH                 00000000   00100000  00000c5a  000ff3a6  R  X
  SRAM                  20000000   00040000  00000204  0003fdfc  RW X


SEGMENT ALLOCATION MAP

run origin  load origin   length   init length attrs members
----------  ----------- ---------- ----------- ----- -------
00000000    00000000    00000c60   00000c60    r-x
  00000000    00000000    00000208   00000208    r-- .intvecs
  00000208    00000208    000007e6   000007e6    r-x .text
  000009f0    000009f0    00000254   00000254    r-- .const
  00000c48    00000c48    00000018   00000018    r-- .cinit
20000000    20000000    00000204   00000000    rw-
  20000000    20000000    00000200   00000000    rw- .stack
  20000200    20000200    00000004   00000000    rw- .data


SECTION ALLOCATION MAP

 output                                  attributes/
section   page    origin      length       input sections
--------  ----  ----------  ----------   ----------------
.intvecs   0    00000000    00000208     
                  00000000    00000208     tm4c1294ncpdt_startup_ccs.obj (.intvecs)

.text      0    00000208    000007e6     
                  00000208    00000224     ejercicio1.obj (.text)
                  0000042c    000001ec     driverlib.lib : sysctl.obj (.text:SysCtlClockFreqSet)
                  00000618    00000132                   : gpio.obj (.text:GPIOPadConfigSet)
                  0000074a    0000009c     rtsv7M4_T_le_v4SPD16_eabi.lib : memcpy_t2.asm.obj (.text)
                  000007e6    00000068                                   : copy_decompress_lzss.c.obj (.text:decompress:lzss:__TI_decompress_lzss)
                  0000084e    00000002     --HOLE-- [fill = 0]
                  00000850    00000048     driverlib.lib : sysctl.obj (.text:_SysCtlFrequencyGet)
                  00000898    00000044     rtsv7M4_T_le_v4SPD16_eabi.lib : autoinit.c.obj (.text:__TI_auto_init_nobinit_nopinit:__TI_auto_init_nobinit_nopinit)
                  000008dc    00000034     driverlib.lib : sysctl.obj (.text:SysCtlPeripheralEnable)
                  00000910    00000034     rtsv7M4_T_le_v4SPD16_eabi.lib : boot_cortex_m.c.obj (.text:_c_int00_noargs:_c_int00_noargs)
                  00000944    0000002a     driverlib.lib : gpio.obj (.text:GPIODirModeSet)
                  0000096e    00000002     --HOLE-- [fill = 0]
                  00000970    00000020                   : sysctl.obj (.text:_SysCtlMemTimingGet)
                  00000990    00000018                   : gpio.obj (.text:GPIOPinTypeGPIOOutput)
                  000009a8    00000012                   : gpio.obj (.text:GPIOPinTypeGPIOInput)
                  000009ba    0000000e     rtsv7M4_T_le_v4SPD16_eabi.lib : copy_decompress_none.c.obj (.text:decompress:none:__TI_decompress_none)
                  000009c8    0000000c     tm4c1294ncpdt_startup_ccs.obj (.text)
                  000009d4    00000006     driverlib.lib : gpio.obj (.text:GPIOPinRead)
                  000009da    00000006                   : gpio.obj (.text:GPIOPinWrite)
                  000009e0    00000006                   : sysctl.obj (.text:SysCtlDelay)
                  000009e6    00000004     rtsv7M4_T_le_v4SPD16_eabi.lib : pre_init.c.obj (.text:_system_pre_init)
                  000009ea    00000004                                   : exit.c.obj (.text:abort:abort)

.const     0    000009f0    00000254     
                  000009f0    000001b0     driverlib.lib : sysctl.obj (.const:g_pppui32XTALtoVCO)
                  00000ba0    0000006c                   : sysctl.obj (.const:g_pui32Xtals)
                  00000c0c    00000030                   : sysctl.obj (.const:g_sXTALtoMEMTIM)
                  00000c3c    00000008                   : sysctl.obj (.const)

.cinit     0    00000c48    00000018     
                  00000c48    00000008     (__TI_handler_table)
                  00000c50    00000007     (.cinit..data.load) [load image, compression = lzss]
                  00000c57    00000001     --HOLE-- [fill = 0]
                  00000c58    00000008     (__TI_cinit_table)

.init_array 
*          0    00000000    00000000     UNINITIALIZED

.data      0    20000200    00000004     UNINITIALIZED
                  20000200    00000004     ejercicio1.obj (.data)

.stack     0    20000000    00000200     UNINITIALIZED
                  20000000    00000004     rtsv7M4_T_le_v4SPD16_eabi.lib : boot_cortex_m.c.obj (.stack)
                  20000004    000001fc     --HOLE--

__llvm_prf_cnts 
*          0    20000000    00000000     UNINITIALIZED

MODULE SUMMARY

       Module                          code   ro data   rw data
       ------                          ----   -------   -------
    .\
       ejercicio1.obj                  548    0         4      
       tm4c1294ncpdt_startup_ccs.obj   12     520       0      
    +--+-------------------------------+------+---------+---------+
       Total:                          560    520       4      
                                                               
    C:/Users/jwyx/Documents/TARDIS/SAVE/gierm/sepa/SEPA/TivaWare_C_Series-2.1.3.156/driverlib/ccs/Debug/driverlib.lib
       sysctl.obj                      654    596       0      
       gpio.obj                        402    0         0      
    +--+-------------------------------+------+---------+---------+
       Total:                          1056   596       0      
                                                               
    C:\ProgramFiles\ti\ccs1210\ccs\tools\compiler\ti-cgt-arm_20.2.7.LTS\lib\rtsv7M4_T_le_v4SPD16_eabi.lib
       memcpy_t2.asm.obj               156    0         0      
       copy_decompress_lzss.c.obj      104    0         0      
       autoinit.c.obj                  68     0         0      
       boot_cortex_m.c.obj             52     0         0      
       copy_decompress_none.c.obj      14     0         0      
       exit.c.obj                      4      0         0      
       pre_init.c.obj                  4      0         0      
    +--+-------------------------------+------+---------+---------+
       Total:                          402    0         0      
                                                               
       Stack:                          0      0         512    
       Linker Generated:               0      23        0      
    +--+-------------------------------+------+---------+---------+
       Grand Total:                    2018   1139      516    


LINKER GENERATED COPY TABLES

__TI_cinit_table @ 00000c58 records: 1, size/record: 8, table size: 8
	.data: load addr=00000c50, load size=00000007 bytes, run addr=20000200, run size=00000004 bytes, compression=lzss


LINKER GENERATED HANDLER TABLE

__TI_handler_table @ 00000c48 records: 2, size/record: 4, table size: 8
	index: 0, handler: __TI_decompress_lzss
	index: 1, handler: __TI_decompress_none


GLOBAL SYMBOLS: SORTED ALPHABETICALLY BY Name 

address   name                          
-------   ----                          
000009eb  C$$EXIT                       
00000945  GPIODirModeSet                
00000619  GPIOPadConfigSet              
000009d5  GPIOPinRead                   
000009a9  GPIOPinTypeGPIOInput          
00000991  GPIOPinTypeGPIOOutput         
000009db  GPIOPinWrite                  
000009c9  ResetISR                      
0000042d  SysCtlClockFreqSet            
000009e1  SysCtlDelay                   
000008dd  SysCtlPeripheralEnable        
20000200  __STACK_END                   
00000200  __STACK_SIZE                  
20000200  __STACK_TOP                   
00000c58  __TI_CINIT_Base               
00000c60  __TI_CINIT_Limit              
00000c48  __TI_Handler_Table_Base       
00000c50  __TI_Handler_Table_Limit      
00000899  __TI_auto_init_nobinit_nopinit
000007e7  __TI_decompress_lzss          
000009bb  __TI_decompress_none          
ffffffff  __TI_pprof_out_hndl           
ffffffff  __TI_prof_data_size           
ffffffff  __TI_prof_data_start          
00000000  __TI_static_base__            
0000074b  __aeabi_memcpy                
0000074b  __aeabi_memcpy4               
0000074b  __aeabi_memcpy8               
ffffffff  __binit__                     
ffffffff  __c_args__                    
UNDEFED   __mpu_init                    
20000000  __stack                       
20000000  __start___llvm_prf_cnts       
20000000  __stop___llvm_prf_cnts        
00000911  _c_int00_noargs               
UNDEFED   _system_post_cinit            
000009e7  _system_pre_init              
000009eb  abort                         
ffffffff  binit                         
00000000  g_pfnVectors                  
00000209  main                          
0000074b  memcpy                        
20000200  reloj                         


GLOBAL SYMBOLS: SORTED BY Symbol Address 

address   name                          
-------   ----                          
00000000  __TI_static_base__            
00000000  g_pfnVectors                  
00000200  __STACK_SIZE                  
00000209  main                          
0000042d  SysCtlClockFreqSet            
00000619  GPIOPadConfigSet              
0000074b  __aeabi_memcpy                
0000074b  __aeabi_memcpy4               
0000074b  __aeabi_memcpy8               
0000074b  memcpy                        
000007e7  __TI_decompress_lzss          
00000899  __TI_auto_init_nobinit_nopinit
000008dd  SysCtlPeripheralEnable        
00000911  _c_int00_noargs               
00000945  GPIODirModeSet                
00000991  GPIOPinTypeGPIOOutput         
000009a9  GPIOPinTypeGPIOInput          
000009bb  __TI_decompress_none          
000009c9  ResetISR                      
000009d5  GPIOPinRead                   
000009db  GPIOPinWrite                  
000009e1  SysCtlDelay                   
000009e7  _system_pre_init              
000009eb  C$$EXIT                       
000009eb  abort                         
00000c48  __TI_Handler_Table_Base       
00000c50  __TI_Handler_Table_Limit      
00000c58  __TI_CINIT_Base               
00000c60  __TI_CINIT_Limit              
20000000  __stack                       
20000000  __start___llvm_prf_cnts       
20000000  __stop___llvm_prf_cnts        
20000200  __STACK_END                   
20000200  __STACK_TOP                   
20000200  reloj                         
ffffffff  __TI_pprof_out_hndl           
ffffffff  __TI_prof_data_size           
ffffffff  __TI_prof_data_start          
ffffffff  __binit__                     
ffffffff  __c_args__                    
ffffffff  binit                         
UNDEFED   __mpu_init                    
UNDEFED   _system_post_cinit            

[43 symbols]
